SQL> select lic_no,model,make from vehicles where cost > (select AVG(cost) from vehicles);

LIC_NO     MODEL      MAK                                                       
---------- ---------- ---                                                       
qazxsw3    Accord     h                                                         
qazxsw4    Camry      t                                                         
qazxsw5    Mustang    f                                                         

SQL> select name from customers where c_id IN(select c_id from rentals where ret_date>'12-oct-20');

NAME                                                                            
----------                                                                      
N                                                                               
O                                                                               
P                                                                               
Q                                                                               
R                                                                               

SQL> select name,phone from customers where c_id IN(select c_id from rentals where ck_out_date > '01-jan-00');

NAME       PHONE                                                                
---------- ---------                                                            
Bob1       580123456                                                            
Bob2       580123456                                                            
K          5801234                                                              
L          580123                                                               
M          58012                                                                
N          5801                                                                 
O          580                                                                  
P          58                                                                   
Q          5                                                                    
R          580123457                                                            

10 rows selected.

SQL> select count(*) from customers where email like '%_gmail.com%';

  COUNT(*)                                                                      
----------                                                                      
        10                                                                      

SQL> select name from customers where c_id IN (select c_id from rentals where v_id IN (select id from vehicles where make = 'F'));


NAME                                                                            
----------                                                                      
Bob1                                                                            
M                                                                               
Q                                                                               

SQL> spool off
